// Jest Snapshot v1, https://goo.gl/fbAQLP

exports[`components/Step2 - logged in Renders with required props 1`] = `
<ContextConsumer>
  <Component />
</ContextConsumer>
`;
